
> aerocotton-web@1.0.0 dev
> next dev

▲ Next.js 16.3.4 (Turbopack)
- Local:         http://localhost:61933
- Network:       http://10.125.73.221:61933
✓ Ready in 834ms
✓ Running next.config.ts took 50ms

 GET / 200 in 1220ms (next.js: 486ms, application-code: 734ms)
 GET / 200 in 203ms (next.js: 20ms, application-code: 182ms)
✓ Compiled in 757ms
 GET / 200 in 313ms (next.js: 46ms, application-code: 267ms)
✓ Compiled in 235ms
 GET / 200 in 157ms (next.js: 21ms, application-code: 136ms)
 GET / 200 in 361ms (next.js: 3ms, application-code: 358ms)
 GET / 200 in 145ms (next.js: 22ms, application-code: 124ms)
 GET / 200 in 407ms (next.js: 8ms, application-code: 399ms)
✓ Compiled in 671ms
 GET / 200 in 139ms (next.js: 14ms, application-code: 125ms)
✓ Compiled in 56ms
 GET / 200 in 140ms (next.js: 12ms, application-code: 127ms)
 GET / 200 in 336ms (next.js: 4ms, application-code: 332ms)
 GET / 200 in 145ms (next.js: 20ms, application-code: 125ms)
 GET /this-page-does-not-exist 404 in 908ms (next.js: 734ms, application-code: 174ms)
✓ Compiled in 227ms
 GET / 200 in 64ms (next.js: 14ms, application-code: 50ms)
 GET / 200 in 137ms (next.js: 12ms, application-code: 125ms)
 GET / 200 in 220ms (next.js: 5ms, application-code: 215ms)
 GET / 200 in 268ms (next.js: 22ms, application-code: 246ms)
 GET / 200 in 137ms (next.js: 7ms, application-code: 130ms)
 GET / 200 in 326ms (next.js: 3ms, application-code: 323ms)
 GET / 200 in 280ms (next.js: 16ms, application-code: 264ms)
 GET / 200 in 144ms (next.js: 10ms, application-code: 134ms)
 GET / 200 in 245ms (next.js: 17ms, application-code: 229ms)
 GET / 200 in 246ms (next.js: 122ms, application-code: 125ms)
 GET / 200 in 158ms (next.js: 3ms, application-code: 155ms)
 GET / 200 in 261ms (next.js: 15ms, application-code: 247ms)
 GET / 200 in 156ms (next.js: 9ms, application-code: 147ms)
 GET / 200 in 305ms (next.js: 3ms, application-code: 303ms)
 GET / 200 in 293ms (next.js: 17ms, application-code: 277ms)
 GET / 200 in 146ms (next.js: 8ms, application-code: 138ms)
 GET /products/mountain/woven-blanket 200 in 551ms (next.js: 41ms, generate-params: 443ms, application-code: 67ms)
 GET /404 404 in 24ms (next.js: 8ms, application-code: 15ms)
 GET /404 404 in 117ms (next.js: 6ms, application-code: 111ms)
 GET / 200 in 34ms (next.js: 3ms, application-code: 31ms)
 GET /404 404 in 99ms (next.js: 16ms, application-code: 82ms)
 GET / 200 in 235ms (next.js: 12ms, application-code: 223ms)
 GET /404 404 in 158ms (next.js: 13ms, application-code: 146ms)
 GET /404 404 in 99ms (next.js: 18ms, application-code: 81ms)
 GET / 200 in 222ms (next.js: 13ms, application-code: 208ms)
 GET /404 404 in 101ms (next.js: 8ms, application-code: 94ms)
 GET /404-check 404 in 97ms (next.js: 6ms, application-code: 91ms)
 GET / 200 in 35ms (next.js: 4ms, application-code: 31ms)
 GET /404 404 in 18ms (next.js: 4ms, application-code: 14ms)
 GET /404 404 in 78ms (next.js: 4ms, application-code: 74ms)
 GET / 200 in 40ms (next.js: 3ms, application-code: 37ms)
 GET / 200 in 178ms (next.js: 4ms, application-code: 174ms)
 GET / 200 in 228ms (next.js: 37ms, application-code: 191ms)
 GET / 200 in 207ms (next.js: 3ms, application-code: 203ms)
 GET / 200 in 154ms (next.js: 3ms, application-code: 151ms)
 GET / 200 in 274ms (next.js: 12ms, application-code: 262ms)
 GET /404 404 in 50ms (next.js: 26ms, application-code: 24ms)
 GET /404 404 in 83ms (next.js: 7ms, application-code: 76ms)
 GET /products/forest 200 in 14.6s (next.js: 453ms, generate-params: 14.1s, application-code: 41ms)
 GET / 200 in 40ms (next.js: 3ms, application-code: 37ms)
 GET / 200 in 44ms (next.js: 4ms, application-code: 40ms)
 GET / 200 in 282ms (next.js: 4ms, application-code: 279ms)
 GET / 200 in 429ms (next.js: 4ms, application-code: 425ms)
 GET / 200 in 489ms (next.js: 82ms, application-code: 406ms)
✓ Compiled in 2.1s
 GET / 200 in 292ms (next.js: 83ms, application-code: 209ms)
 GET / 200 in 1363ms (next.js: 8ms, application-code: 1355ms)
 GET / 200 in 271ms (next.js: 7ms, application-code: 264ms)
 GET / 200 in 631ms (next.js: 25ms, application-code: 606ms)
 GET / 200 in 490ms (next.js: 17ms, application-code: 473ms)
 GET / 200 in 486ms (next.js: 165ms, application-code: 322ms)
 GET / 200 in 254ms (next.js: 5ms, application-code: 249ms)
 GET / 200 in 556ms (next.js: 24ms, application-code: 531ms)
 GET / 200 in 432ms (next.js: 15ms, application-code: 417ms)
 GET / 200 in 433ms (next.js: 165ms, application-code: 268ms)
 GET / 200 in 425ms (next.js: 8ms, application-code: 417ms)
 GET / 200 in 352ms (next.js: 42ms, application-code: 311ms)
 GET / 200 in 356ms (next.js: 140ms, application-code: 216ms)
 GET / 200 in 321ms (next.js: 202ms, application-code: 119ms)
 GET / 200 in 299ms (next.js: 7ms, application-code: 292ms)
